/var/spool/slurmd/job02025/slurm_script: 7: module: not found
concurrent.futures.process._RemoteTraceback: 
"""
Traceback (most recent call last):
  File "/cvmfs/soft.computecanada.ca/easybuild/software/2023/x86-64-v3/Compiler/gcccore/python/3.11.5/lib/python3.11/multiprocessing/queues.py", line 244, in _feed
    obj = _ForkingPickler.dumps(obj)
          ^^^^^^^^^^^^^^^^^^^^^^^^^^
  File "/cvmfs/soft.computecanada.ca/easybuild/software/2023/x86-64-v3/Compiler/gcccore/python/3.11.5/lib/python3.11/multiprocessing/reduction.py", line 51, in dumps
    cls(buf, protocol).dump(obj)
AttributeError: Can't pickle local object 'PIDOptimizer.differential_evolution.<locals>.eval_individual'
"""

The above exception was the direct cause of the following exception:

Traceback (most recent call last):
  File "/home/clg_98da5933b7a1/MANPADS-System-Launcher-and-Rocket/Simulation/src/pid_optimizer.py", line 340, in <module>
    main()
  File "/home/clg_98da5933b7a1/MANPADS-System-Launcher-and-Rocket/Simulation/src/pid_optimizer.py", line 336, in main
    run_optimization(args)
  File "/home/clg_98da5933b7a1/MANPADS-System-Launcher-and-Rocket/Simulation/src/pid_optimizer.py", line 278, in run_optimization
    best_gains, best_score = optimizer.differential_evolution(
                             ^^^^^^^^^^^^^^^^^^^^^^^^^^^^^^^^^
  File "/home/clg_98da5933b7a1/MANPADS-System-Launcher-and-Rocket/Simulation/src/pid_optimizer.py", line 167, in differential_evolution
    fitness = np.array(list(executor.map(eval_individual, population)))
                       ^^^^^^^^^^^^^^^^^^^^^^^^^^^^^^^^^^^^^^^^^^^^^^^
  File "/cvmfs/soft.computecanada.ca/easybuild/software/2023/x86-64-v3/Compiler/gcccore/python/3.11.5/lib/python3.11/concurrent/futures/process.py", line 606, in _chain_from_iterable_of_lists
    for element in iterable:
  File "/cvmfs/soft.computecanada.ca/easybuild/software/2023/x86-64-v3/Compiler/gcccore/python/3.11.5/lib/python3.11/concurrent/futures/_base.py", line 619, in result_iterator
    yield _result_or_cancel(fs.pop())
          ^^^^^^^^^^^^^^^^^^^^^^^^^^^
  File "/cvmfs/soft.computecanada.ca/easybuild/software/2023/x86-64-v3/Compiler/gcccore/python/3.11.5/lib/python3.11/concurrent/futures/_base.py", line 317, in _result_or_cancel
    return fut.result(timeout)
           ^^^^^^^^^^^^^^^^^^^
  File "/cvmfs/soft.computecanada.ca/easybuild/software/2023/x86-64-v3/Compiler/gcccore/python/3.11.5/lib/python3.11/concurrent/futures/_base.py", line 456, in result
    return self.__get_result()
           ^^^^^^^^^^^^^^^^^^^
  File "/cvmfs/soft.computecanada.ca/easybuild/software/2023/x86-64-v3/Compiler/gcccore/python/3.11.5/lib/python3.11/concurrent/futures/_base.py", line 401, in __get_result
    raise self._exception
  File "/cvmfs/soft.computecanada.ca/easybuild/software/2023/x86-64-v3/Compiler/gcccore/python/3.11.5/lib/python3.11/multiprocessing/queues.py", line 244, in _feed
    obj = _ForkingPickler.dumps(obj)
          ^^^^^^^^^^^^^^^^^^^^^^^^^^
  File "/cvmfs/soft.computecanada.ca/easybuild/software/2023/x86-64-v3/Compiler/gcccore/python/3.11.5/lib/python3.11/multiprocessing/reduction.py", line 51, in dumps
    cls(buf, protocol).dump(obj)
AttributeError: Can't pickle local object 'PIDOptimizer.differential_evolution.<locals>.eval_individual'
